================================================================================
ERROR LOG
Generated: 2026-05-09T14:47:30.304335
Scenario: medical_records
Team: N/A
================================================================================

[2026-05-09 14:24:28.042] attacker crashed: http://127.0.0.1:9021/ responded with: {'response': 'Error: Request timed out.', 'context_id': '558420dd-4b03-4919-ba32-7fcee378ebf1', 'status': 'failed'}
Traceback (most recent call last):
  File "/home/ubuntu/agentbeats-lambda-phase2-quietchaos/scenarios/security_arena/orchestrator.py", line 107, in _call_agent_with_timeout
    response = await asyncio.wait_for(
               ^^^^^^^^^^^^^^^^^^^^^^^
    ...<4 lines>...
    )
    ^
  File "/home/ubuntu/.local/share/uv/python/cpython-3.13.13-linux-x86_64-gnu/lib/python3.13/asyncio/tasks.py", line 507, in wait_for
    return await fut
           ^^^^^^^^^
  File "/home/ubuntu/agentbeats-lambda-phase2-quietchaos/src/agentbeats/tool_provider.py", line 22, in talk_to_agent
    raise RuntimeError(f"{url} responded with: {outputs}")
RuntimeError: http://127.0.0.1:9021/ responded with: {'response': 'Error: Request timed out.', 'context_id': '558420dd-4b03-4919-ba32-7fcee378ebf1', 'status': 'failed'}

[2026-05-09 14:29:28.045] attacker timed out after 300s (url: http://127.0.0.1:9021/)
[2026-05-09 14:32:44.926] attacker crashed: http://127.0.0.1:9021/ responded with: {'response': 'Error: Request timed out.', 'context_id': '9e27a0e1-3ab9-45f5-9991-446ddb5b5f09', 'status': 'failed'}
Traceback (most recent call last):
  File "/home/ubuntu/agentbeats-lambda-phase2-quietchaos/scenarios/security_arena/orchestrator.py", line 107, in _call_agent_with_timeout
    response = await asyncio.wait_for(
               ^^^^^^^^^^^^^^^^^^^^^^^
    ...<4 lines>...
    )
    ^
  File "/home/ubuntu/.local/share/uv/python/cpython-3.13.13-linux-x86_64-gnu/lib/python3.13/asyncio/tasks.py", line 507, in wait_for
    return await fut
           ^^^^^^^^^
  File "/home/ubuntu/agentbeats-lambda-phase2-quietchaos/src/agentbeats/tool_provider.py", line 22, in talk_to_agent
    raise RuntimeError(f"{url} responded with: {outputs}")
RuntimeError: http://127.0.0.1:9021/ responded with: {'response': 'Error: Request timed out.', 'context_id': '9e27a0e1-3ab9-45f5-9991-446ddb5b5f09', 'status': 'failed'}

[2026-05-09 14:37:44.929] attacker timed out after 300s (url: http://127.0.0.1:9021/)
[2026-05-09 14:40:59.640] attacker crashed: http://127.0.0.1:9021/ responded with: {'response': 'Error: Request timed out.', 'context_id': '83901971-f235-4478-aa6a-0dd11f82f2a1', 'status': 'failed'}
Traceback (most recent call last):
  File "/home/ubuntu/agentbeats-lambda-phase2-quietchaos/scenarios/security_arena/orchestrator.py", line 107, in _call_agent_with_timeout
    response = await asyncio.wait_for(
               ^^^^^^^^^^^^^^^^^^^^^^^
    ...<4 lines>...
    )
    ^
  File "/home/ubuntu/.local/share/uv/python/cpython-3.13.13-linux-x86_64-gnu/lib/python3.13/asyncio/tasks.py", line 507, in wait_for
    return await fut
           ^^^^^^^^^
  File "/home/ubuntu/agentbeats-lambda-phase2-quietchaos/src/agentbeats/tool_provider.py", line 22, in talk_to_agent
    raise RuntimeError(f"{url} responded with: {outputs}")
RuntimeError: http://127.0.0.1:9021/ responded with: {'response': 'Error: Request timed out.', 'context_id': '83901971-f235-4478-aa6a-0dd11f82f2a1', 'status': 'failed'}

[2026-05-09 14:44:19.193] attacker crashed: http://127.0.0.1:9021/ responded with: {'response': 'Error: Request timed out.', 'context_id': 'feebbfe7-3cf0-46c7-ba10-d81c033b5428', 'status': 'failed'}
Traceback (most recent call last):
  File "/home/ubuntu/agentbeats-lambda-phase2-quietchaos/scenarios/security_arena/orchestrator.py", line 107, in _call_agent_with_timeout
    response = await asyncio.wait_for(
               ^^^^^^^^^^^^^^^^^^^^^^^
    ...<4 lines>...
    )
    ^
  File "/home/ubuntu/.local/share/uv/python/cpython-3.13.13-linux-x86_64-gnu/lib/python3.13/asyncio/tasks.py", line 507, in wait_for
    return await fut
           ^^^^^^^^^
  File "/home/ubuntu/agentbeats-lambda-phase2-quietchaos/src/agentbeats/tool_provider.py", line 22, in talk_to_agent
    raise RuntimeError(f"{url} responded with: {outputs}")
RuntimeError: http://127.0.0.1:9021/ responded with: {'response': 'Error: Request timed out.', 'context_id': 'feebbfe7-3cf0-46c7-ba10-d81c033b5428', 'status': 'failed'}

[2026-05-09 14:47:30.302] attacker crashed: http://127.0.0.1:9021/ responded with: {'response': 'Error: Request timed out.', 'context_id': '359488bd-6c37-41ce-a3d4-27398b567310', 'status': 'failed'}
Traceback (most recent call last):
  File "/home/ubuntu/agentbeats-lambda-phase2-quietchaos/scenarios/security_arena/orchestrator.py", line 107, in _call_agent_with_timeout
    response = await asyncio.wait_for(
               ^^^^^^^^^^^^^^^^^^^^^^^
    ...<4 lines>...
    )
    ^
  File "/home/ubuntu/.local/share/uv/python/cpython-3.13.13-linux-x86_64-gnu/lib/python3.13/asyncio/tasks.py", line 507, in wait_for
    return await fut
           ^^^^^^^^^
  File "/home/ubuntu/agentbeats-lambda-phase2-quietchaos/src/agentbeats/tool_provider.py", line 22, in talk_to_agent
    raise RuntimeError(f"{url} responded with: {outputs}")
RuntimeError: http://127.0.0.1:9021/ responded with: {'response': 'Error: Request timed out.', 'context_id': '359488bd-6c37-41ce-a3d4-27398b567310', 'status': 'failed'}


================================================================================
Total errors: 7
================================================================================