================================================================================
ERROR LOG
Generated: 2026-05-09T15:17:42.966116
Scenario: medical_records
Team: N/A
================================================================================

[2026-05-09 14:51:24.115] attacker crashed: http://127.0.0.1:9021/ responded with: {'response': 'Error: Request timed out.', 'context_id': '614d58f7-7997-4e7b-bbb2-7e8f7115511b', 'status': 'failed'}
Traceback (most recent call last):
  File "/home/ubuntu/agentbeats-lambda-phase2-quietchaos/scenarios/security_arena/orchestrator.py", line 107, in _call_agent_with_timeout
    response = await asyncio.wait_for(
               ^^^^^^^^^^^^^^^^^^^^^^^
    ...<4 lines>...
    )
    ^
  File "/home/ubuntu/.local/share/uv/python/cpython-3.13.13-linux-x86_64-gnu/lib/python3.13/asyncio/tasks.py", line 507, in wait_for
    return await fut
           ^^^^^^^^^
  File "/home/ubuntu/agentbeats-lambda-phase2-quietchaos/src/agentbeats/tool_provider.py", line 22, in talk_to_agent
    raise RuntimeError(f"{url} responded with: {outputs}")
RuntimeError: http://127.0.0.1:9021/ responded with: {'response': 'Error: Request timed out.', 'context_id': '614d58f7-7997-4e7b-bbb2-7e8f7115511b', 'status': 'failed'}

[2026-05-09 14:54:34.732] attacker crashed: http://127.0.0.1:9021/ responded with: {'response': 'Error: Request timed out.', 'context_id': '1ab1e8ba-4311-4b0e-ac5d-6c2115f49492', 'status': 'failed'}
Traceback (most recent call last):
  File "/home/ubuntu/agentbeats-lambda-phase2-quietchaos/scenarios/security_arena/orchestrator.py", line 107, in _call_agent_with_timeout
    response = await asyncio.wait_for(
               ^^^^^^^^^^^^^^^^^^^^^^^
    ...<4 lines>...
    )
    ^
  File "/home/ubuntu/.local/share/uv/python/cpython-3.13.13-linux-x86_64-gnu/lib/python3.13/asyncio/tasks.py", line 507, in wait_for
    return await fut
           ^^^^^^^^^
  File "/home/ubuntu/agentbeats-lambda-phase2-quietchaos/src/agentbeats/tool_provider.py", line 22, in talk_to_agent
    raise RuntimeError(f"{url} responded with: {outputs}")
RuntimeError: http://127.0.0.1:9021/ responded with: {'response': 'Error: Request timed out.', 'context_id': '1ab1e8ba-4311-4b0e-ac5d-6c2115f49492', 'status': 'failed'}

[2026-05-09 14:57:48.074] attacker crashed: http://127.0.0.1:9021/ responded with: {'response': 'Error: Request timed out.', 'context_id': '66ad9e2f-001a-40b1-a370-0fbdc126ea57', 'status': 'failed'}
Traceback (most recent call last):
  File "/home/ubuntu/agentbeats-lambda-phase2-quietchaos/scenarios/security_arena/orchestrator.py", line 107, in _call_agent_with_timeout
    response = await asyncio.wait_for(
               ^^^^^^^^^^^^^^^^^^^^^^^
    ...<4 lines>...
    )
    ^
  File "/home/ubuntu/.local/share/uv/python/cpython-3.13.13-linux-x86_64-gnu/lib/python3.13/asyncio/tasks.py", line 507, in wait_for
    return await fut
           ^^^^^^^^^
  File "/home/ubuntu/agentbeats-lambda-phase2-quietchaos/src/agentbeats/tool_provider.py", line 22, in talk_to_agent
    raise RuntimeError(f"{url} responded with: {outputs}")
RuntimeError: http://127.0.0.1:9021/ responded with: {'response': 'Error: Request timed out.', 'context_id': '66ad9e2f-001a-40b1-a370-0fbdc126ea57', 'status': 'failed'}

[2026-05-09 15:02:48.075] attacker timed out after 300s (url: http://127.0.0.1:9021/)
[2026-05-09 15:12:42.963] attacker timed out after 300s (url: http://127.0.0.1:9021/)
[2026-05-09 15:17:42.964] attacker timed out after 300s (url: http://127.0.0.1:9021/)

================================================================================
Total errors: 6
================================================================================