================================================================================
ERROR LOG
Generated: 2026-05-03T22:19:58.744246
Scenario: medical_records
Team: N/A
================================================================================

[2026-05-03 22:19:51.816] attacker crashed: http://127.0.0.1:9021/ responded with: {'response': "Error: Error code: 429 - {'error': {'message': 'Rate limit exceeded: free-models-per-min. ', 'code': 429, 'metadata': {'headers': {'X-RateLimit-Limit': '20', 'X-RateLimit-Remaining': '0', 'X-RateLimit-Reset': '1777861200000'}, 'provider_name': None}}, 'user_id': 'user_306uqpfZddZxYahSiHTpJHeCTrr'}", 'context_id': 'd993bf45-aa29-47f7-9ee8-1e314d4178dc', 'status': 'failed'}
Traceback (most recent call last):
  File "C:\Users\huixu3\code\agentbeats-lambda-phase2-quietchaos\scenarios\security_arena\orchestrator.py", line 86, in _call_agent_with_timeout
    response = await asyncio.wait_for(
               ^^^^^^^^^^^^^^^^^^^^^^^
  File "C:\Users\huixu3\AppData\Local\Programs\Python\Python311\Lib\asyncio\tasks.py", line 489, in wait_for
    return fut.result()
           ^^^^^^^^^^^^
  File "C:\Users\huixu3\code\agentbeats-lambda-phase2-quietchaos\src\agentbeats\tool_provider.py", line 22, in talk_to_agent
    raise RuntimeError(f"{url} responded with: {outputs}")
RuntimeError: http://127.0.0.1:9021/ responded with: {'response': "Error: Error code: 429 - {'error': {'message': 'Rate limit exceeded: free-models-per-min. ', 'code': 429, 'metadata': {'headers': {'X-RateLimit-Limit': '20', 'X-RateLimit-Remaining': '0', 'X-RateLimit-Reset': '1777861200000'}, 'provider_name': None}}, 'user_id': 'user_306uqpfZddZxYahSiHTpJHeCTrr'}", 'context_id': 'd993bf45-aa29-47f7-9ee8-1e314d4178dc', 'status': 'failed'}

[2026-05-03 22:19:54.272] attacker crashed: http://127.0.0.1:9021/ responded with: {'response': "Error: Error code: 429 - {'error': {'message': 'Rate limit exceeded: free-models-per-min. ', 'code': 429, 'metadata': {'headers': {'X-RateLimit-Limit': '20', 'X-RateLimit-Remaining': '0', 'X-RateLimit-Reset': '1777861200000'}, 'provider_name': None}}, 'user_id': 'user_306uqpfZddZxYahSiHTpJHeCTrr'}", 'context_id': 'd993bf45-aa29-47f7-9ee8-1e314d4178dc', 'status': 'failed'}
Traceback (most recent call last):
  File "C:\Users\huixu3\code\agentbeats-lambda-phase2-quietchaos\scenarios\security_arena\orchestrator.py", line 86, in _call_agent_with_timeout
    response = await asyncio.wait_for(
               ^^^^^^^^^^^^^^^^^^^^^^^
  File "C:\Users\huixu3\AppData\Local\Programs\Python\Python311\Lib\asyncio\tasks.py", line 489, in wait_for
    return fut.result()
           ^^^^^^^^^^^^
  File "C:\Users\huixu3\code\agentbeats-lambda-phase2-quietchaos\src\agentbeats\tool_provider.py", line 22, in talk_to_agent
    raise RuntimeError(f"{url} responded with: {outputs}")
RuntimeError: http://127.0.0.1:9021/ responded with: {'response': "Error: Error code: 429 - {'error': {'message': 'Rate limit exceeded: free-models-per-min. ', 'code': 429, 'metadata': {'headers': {'X-RateLimit-Limit': '20', 'X-RateLimit-Remaining': '0', 'X-RateLimit-Reset': '1777861200000'}, 'provider_name': None}}, 'user_id': 'user_306uqpfZddZxYahSiHTpJHeCTrr'}", 'context_id': 'd993bf45-aa29-47f7-9ee8-1e314d4178dc', 'status': 'failed'}

[2026-05-03 22:19:56.483] attacker crashed: http://127.0.0.1:9021/ responded with: {'response': "Error: Error code: 429 - {'error': {'message': 'Rate limit exceeded: free-models-per-min. ', 'code': 429, 'metadata': {'headers': {'X-RateLimit-Limit': '20', 'X-RateLimit-Remaining': '0', 'X-RateLimit-Reset': '1777861200000'}, 'provider_name': None}}, 'user_id': 'user_306uqpfZddZxYahSiHTpJHeCTrr'}", 'context_id': 'd993bf45-aa29-47f7-9ee8-1e314d4178dc', 'status': 'failed'}
Traceback (most recent call last):
  File "C:\Users\huixu3\code\agentbeats-lambda-phase2-quietchaos\scenarios\security_arena\orchestrator.py", line 86, in _call_agent_with_timeout
    response = await asyncio.wait_for(
               ^^^^^^^^^^^^^^^^^^^^^^^
  File "C:\Users\huixu3\AppData\Local\Programs\Python\Python311\Lib\asyncio\tasks.py", line 489, in wait_for
    return fut.result()
           ^^^^^^^^^^^^
  File "C:\Users\huixu3\code\agentbeats-lambda-phase2-quietchaos\src\agentbeats\tool_provider.py", line 22, in talk_to_agent
    raise RuntimeError(f"{url} responded with: {outputs}")
RuntimeError: http://127.0.0.1:9021/ responded with: {'response': "Error: Error code: 429 - {'error': {'message': 'Rate limit exceeded: free-models-per-min. ', 'code': 429, 'metadata': {'headers': {'X-RateLimit-Limit': '20', 'X-RateLimit-Remaining': '0', 'X-RateLimit-Reset': '1777861200000'}, 'provider_name': None}}, 'user_id': 'user_306uqpfZddZxYahSiHTpJHeCTrr'}", 'context_id': 'd993bf45-aa29-47f7-9ee8-1e314d4178dc', 'status': 'failed'}

[2026-05-03 22:19:58.733] attacker crashed: http://127.0.0.1:9021/ responded with: {'response': "Error: Error code: 429 - {'error': {'message': 'Rate limit exceeded: free-models-per-min. ', 'code': 429, 'metadata': {'headers': {'X-RateLimit-Limit': '20', 'X-RateLimit-Remaining': '0', 'X-RateLimit-Reset': '1777861200000'}, 'provider_name': None}}, 'user_id': 'user_306uqpfZddZxYahSiHTpJHeCTrr'}", 'context_id': 'd993bf45-aa29-47f7-9ee8-1e314d4178dc', 'status': 'failed'}
Traceback (most recent call last):
  File "C:\Users\huixu3\code\agentbeats-lambda-phase2-quietchaos\scenarios\security_arena\orchestrator.py", line 86, in _call_agent_with_timeout
    response = await asyncio.wait_for(
               ^^^^^^^^^^^^^^^^^^^^^^^
  File "C:\Users\huixu3\AppData\Local\Programs\Python\Python311\Lib\asyncio\tasks.py", line 489, in wait_for
    return fut.result()
           ^^^^^^^^^^^^
  File "C:\Users\huixu3\code\agentbeats-lambda-phase2-quietchaos\src\agentbeats\tool_provider.py", line 22, in talk_to_agent
    raise RuntimeError(f"{url} responded with: {outputs}")
RuntimeError: http://127.0.0.1:9021/ responded with: {'response': "Error: Error code: 429 - {'error': {'message': 'Rate limit exceeded: free-models-per-min. ', 'code': 429, 'metadata': {'headers': {'X-RateLimit-Limit': '20', 'X-RateLimit-Remaining': '0', 'X-RateLimit-Reset': '1777861200000'}, 'provider_name': None}}, 'user_id': 'user_306uqpfZddZxYahSiHTpJHeCTrr'}", 'context_id': 'd993bf45-aa29-47f7-9ee8-1e314d4178dc', 'status': 'failed'}


================================================================================
Total errors: 4
================================================================================