================================================================================
ERROR LOG
Generated: 2026-05-09T15:42:35.839922
Scenario: medical_records
Team: N/A
================================================================================

[2026-05-09 15:20:57.231] attacker crashed: http://127.0.0.1:9021/ responded with: {'response': 'Error: Request timed out.', 'context_id': '0a07621b-e608-453f-bcc0-a207fb6032dd', 'status': 'failed'}
Traceback (most recent call last):
  File "/home/ubuntu/agentbeats-lambda-phase2-quietchaos/scenarios/security_arena/orchestrator.py", line 107, in _call_agent_with_timeout
    response = await asyncio.wait_for(
               ^^^^^^^^^^^^^^^^^^^^^^^
    ...<4 lines>...
    )
    ^
  File "/home/ubuntu/.local/share/uv/python/cpython-3.13.13-linux-x86_64-gnu/lib/python3.13/asyncio/tasks.py", line 507, in wait_for
    return await fut
           ^^^^^^^^^
  File "/home/ubuntu/agentbeats-lambda-phase2-quietchaos/src/agentbeats/tool_provider.py", line 22, in talk_to_agent
    raise RuntimeError(f"{url} responded with: {outputs}")
RuntimeError: http://127.0.0.1:9021/ responded with: {'response': 'Error: Request timed out.', 'context_id': '0a07621b-e608-453f-bcc0-a207fb6032dd', 'status': 'failed'}

[2026-05-09 15:24:10.618] attacker crashed: http://127.0.0.1:9021/ responded with: {'response': 'Error: Request timed out.', 'context_id': '348182e5-9355-4a61-b834-c116ebbf6867', 'status': 'failed'}
Traceback (most recent call last):
  File "/home/ubuntu/agentbeats-lambda-phase2-quietchaos/scenarios/security_arena/orchestrator.py", line 107, in _call_agent_with_timeout
    response = await asyncio.wait_for(
               ^^^^^^^^^^^^^^^^^^^^^^^
    ...<4 lines>...
    )
    ^
  File "/home/ubuntu/.local/share/uv/python/cpython-3.13.13-linux-x86_64-gnu/lib/python3.13/asyncio/tasks.py", line 507, in wait_for
    return await fut
           ^^^^^^^^^
  File "/home/ubuntu/agentbeats-lambda-phase2-quietchaos/src/agentbeats/tool_provider.py", line 22, in talk_to_agent
    raise RuntimeError(f"{url} responded with: {outputs}")
RuntimeError: http://127.0.0.1:9021/ responded with: {'response': 'Error: Request timed out.', 'context_id': '348182e5-9355-4a61-b834-c116ebbf6867', 'status': 'failed'}

[2026-05-09 15:28:21.189] attacker crashed: http://127.0.0.1:9021/ responded with: {'response': 'Error: Request timed out.', 'context_id': '959b1bc7-2d7f-4ec3-897c-c8bd1d049f4b', 'status': 'failed'}
Traceback (most recent call last):
  File "/home/ubuntu/agentbeats-lambda-phase2-quietchaos/scenarios/security_arena/orchestrator.py", line 107, in _call_agent_with_timeout
    response = await asyncio.wait_for(
               ^^^^^^^^^^^^^^^^^^^^^^^
    ...<4 lines>...
    )
    ^
  File "/home/ubuntu/.local/share/uv/python/cpython-3.13.13-linux-x86_64-gnu/lib/python3.13/asyncio/tasks.py", line 507, in wait_for
    return await fut
           ^^^^^^^^^
  File "/home/ubuntu/agentbeats-lambda-phase2-quietchaos/src/agentbeats/tool_provider.py", line 22, in talk_to_agent
    raise RuntimeError(f"{url} responded with: {outputs}")
RuntimeError: http://127.0.0.1:9021/ responded with: {'response': 'Error: Request timed out.', 'context_id': '959b1bc7-2d7f-4ec3-897c-c8bd1d049f4b', 'status': 'failed'}

[2026-05-09 15:31:44.874] attacker crashed: http://127.0.0.1:9021/ responded with: {'response': 'Error: Request timed out.', 'context_id': '779515ac-a71f-4191-9943-31a7a34bc864', 'status': 'failed'}
Traceback (most recent call last):
  File "/home/ubuntu/agentbeats-lambda-phase2-quietchaos/scenarios/security_arena/orchestrator.py", line 107, in _call_agent_with_timeout
    response = await asyncio.wait_for(
               ^^^^^^^^^^^^^^^^^^^^^^^
    ...<4 lines>...
    )
    ^
  File "/home/ubuntu/.local/share/uv/python/cpython-3.13.13-linux-x86_64-gnu/lib/python3.13/asyncio/tasks.py", line 507, in wait_for
    return await fut
           ^^^^^^^^^
  File "/home/ubuntu/agentbeats-lambda-phase2-quietchaos/src/agentbeats/tool_provider.py", line 22, in talk_to_agent
    raise RuntimeError(f"{url} responded with: {outputs}")
RuntimeError: http://127.0.0.1:9021/ responded with: {'response': 'Error: Request timed out.', 'context_id': '779515ac-a71f-4191-9943-31a7a34bc864', 'status': 'failed'}

[2026-05-09 15:34:58.537] attacker crashed: http://127.0.0.1:9021/ responded with: {'response': 'Error: Request timed out.', 'context_id': 'a62b7de8-5a76-4ce1-b7e0-f490e75e3e59', 'status': 'failed'}
Traceback (most recent call last):
  File "/home/ubuntu/agentbeats-lambda-phase2-quietchaos/scenarios/security_arena/orchestrator.py", line 107, in _call_agent_with_timeout
    response = await asyncio.wait_for(
               ^^^^^^^^^^^^^^^^^^^^^^^
    ...<4 lines>...
    )
    ^
  File "/home/ubuntu/.local/share/uv/python/cpython-3.13.13-linux-x86_64-gnu/lib/python3.13/asyncio/tasks.py", line 507, in wait_for
    return await fut
           ^^^^^^^^^
  File "/home/ubuntu/agentbeats-lambda-phase2-quietchaos/src/agentbeats/tool_provider.py", line 22, in talk_to_agent
    raise RuntimeError(f"{url} responded with: {outputs}")
RuntimeError: http://127.0.0.1:9021/ responded with: {'response': 'Error: Request timed out.', 'context_id': 'a62b7de8-5a76-4ce1-b7e0-f490e75e3e59', 'status': 'failed'}

[2026-05-09 15:38:12.034] attacker crashed: http://127.0.0.1:9021/ responded with: {'response': 'Error: Request timed out.', 'context_id': '866c0114-8936-4826-a7f1-95bc2efe7ad6', 'status': 'failed'}
Traceback (most recent call last):
  File "/home/ubuntu/agentbeats-lambda-phase2-quietchaos/scenarios/security_arena/orchestrator.py", line 107, in _call_agent_with_timeout
    response = await asyncio.wait_for(
               ^^^^^^^^^^^^^^^^^^^^^^^
    ...<4 lines>...
    )
    ^
  File "/home/ubuntu/.local/share/uv/python/cpython-3.13.13-linux-x86_64-gnu/lib/python3.13/asyncio/tasks.py", line 507, in wait_for
    return await fut
           ^^^^^^^^^
  File "/home/ubuntu/agentbeats-lambda-phase2-quietchaos/src/agentbeats/tool_provider.py", line 22, in talk_to_agent
    raise RuntimeError(f"{url} responded with: {outputs}")
RuntimeError: http://127.0.0.1:9021/ responded with: {'response': 'Error: Request timed out.', 'context_id': '866c0114-8936-4826-a7f1-95bc2efe7ad6', 'status': 'failed'}

[2026-05-09 15:42:35.838] attacker crashed: http://127.0.0.1:9021/ responded with: {'response': 'Error: Request timed out.', 'context_id': 'd45937a4-dfa5-426b-952a-a61a3a24c378', 'status': 'failed'}
Traceback (most recent call last):
  File "/home/ubuntu/agentbeats-lambda-phase2-quietchaos/scenarios/security_arena/orchestrator.py", line 107, in _call_agent_with_timeout
    response = await asyncio.wait_for(
               ^^^^^^^^^^^^^^^^^^^^^^^
    ...<4 lines>...
    )
    ^
  File "/home/ubuntu/.local/share/uv/python/cpython-3.13.13-linux-x86_64-gnu/lib/python3.13/asyncio/tasks.py", line 507, in wait_for
    return await fut
           ^^^^^^^^^
  File "/home/ubuntu/agentbeats-lambda-phase2-quietchaos/src/agentbeats/tool_provider.py", line 22, in talk_to_agent
    raise RuntimeError(f"{url} responded with: {outputs}")
RuntimeError: http://127.0.0.1:9021/ responded with: {'response': 'Error: Request timed out.', 'context_id': 'd45937a4-dfa5-426b-952a-a61a3a24c378', 'status': 'failed'}


================================================================================
Total errors: 7
================================================================================