================================================================================
ERROR LOG
Generated: 2026-05-09T05:55:07.599320
Scenario: portfolioiq
Team: N/A
================================================================================

[2026-05-09 05:31:56.744] attacker crashed: http://127.0.0.1:9021/ responded with: {'response': 'Error: Request timed out.', 'context_id': 'bae2d47e-5fe5-480b-b16c-f41a684a2e21', 'status': 'failed'}
Traceback (most recent call last):
  File "/home/ubuntu/agentbeats-lambda-phase2-quietchaos/scenarios/security_arena/orchestrator.py", line 107, in _call_agent_with_timeout
    response = await asyncio.wait_for(
               ^^^^^^^^^^^^^^^^^^^^^^^
    ...<4 lines>...
    )
    ^
  File "/home/ubuntu/.local/share/uv/python/cpython-3.13.13-linux-x86_64-gnu/lib/python3.13/asyncio/tasks.py", line 507, in wait_for
    return await fut
           ^^^^^^^^^
  File "/home/ubuntu/agentbeats-lambda-phase2-quietchaos/src/agentbeats/tool_provider.py", line 22, in talk_to_agent
    raise RuntimeError(f"{url} responded with: {outputs}")
RuntimeError: http://127.0.0.1:9021/ responded with: {'response': 'Error: Request timed out.', 'context_id': 'bae2d47e-5fe5-480b-b16c-f41a684a2e21', 'status': 'failed'}

[2026-05-09 05:35:08.706] attacker crashed: http://127.0.0.1:9021/ responded with: {'response': 'Error: Request timed out.', 'context_id': 'f5f2db75-0aa8-4082-b823-8b4bf442355d', 'status': 'failed'}
Traceback (most recent call last):
  File "/home/ubuntu/agentbeats-lambda-phase2-quietchaos/scenarios/security_arena/orchestrator.py", line 107, in _call_agent_with_timeout
    response = await asyncio.wait_for(
               ^^^^^^^^^^^^^^^^^^^^^^^
    ...<4 lines>...
    )
    ^
  File "/home/ubuntu/.local/share/uv/python/cpython-3.13.13-linux-x86_64-gnu/lib/python3.13/asyncio/tasks.py", line 507, in wait_for
    return await fut
           ^^^^^^^^^
  File "/home/ubuntu/agentbeats-lambda-phase2-quietchaos/src/agentbeats/tool_provider.py", line 22, in talk_to_agent
    raise RuntimeError(f"{url} responded with: {outputs}")
RuntimeError: http://127.0.0.1:9021/ responded with: {'response': 'Error: Request timed out.', 'context_id': 'f5f2db75-0aa8-4082-b823-8b4bf442355d', 'status': 'failed'}

[2026-05-09 05:39:31.916] attacker crashed: http://127.0.0.1:9021/ responded with: {'response': 'Error: Request timed out.', 'context_id': 'b75f011a-0ca4-46ea-83b4-98398a16fb7a', 'status': 'failed'}
Traceback (most recent call last):
  File "/home/ubuntu/agentbeats-lambda-phase2-quietchaos/scenarios/security_arena/orchestrator.py", line 107, in _call_agent_with_timeout
    response = await asyncio.wait_for(
               ^^^^^^^^^^^^^^^^^^^^^^^
    ...<4 lines>...
    )
    ^
  File "/home/ubuntu/.local/share/uv/python/cpython-3.13.13-linux-x86_64-gnu/lib/python3.13/asyncio/tasks.py", line 507, in wait_for
    return await fut
           ^^^^^^^^^
  File "/home/ubuntu/agentbeats-lambda-phase2-quietchaos/src/agentbeats/tool_provider.py", line 22, in talk_to_agent
    raise RuntimeError(f"{url} responded with: {outputs}")
RuntimeError: http://127.0.0.1:9021/ responded with: {'response': 'Error: Request timed out.', 'context_id': 'b75f011a-0ca4-46ea-83b4-98398a16fb7a', 'status': 'failed'}

[2026-05-09 05:43:47.859] attacker crashed: http://127.0.0.1:9021/ responded with: {'response': 'Error: Request timed out.', 'context_id': '6ea65bb0-05ff-4a9a-9117-df5f271fd2ff', 'status': 'failed'}
Traceback (most recent call last):
  File "/home/ubuntu/agentbeats-lambda-phase2-quietchaos/scenarios/security_arena/orchestrator.py", line 107, in _call_agent_with_timeout
    response = await asyncio.wait_for(
               ^^^^^^^^^^^^^^^^^^^^^^^
    ...<4 lines>...
    )
    ^
  File "/home/ubuntu/.local/share/uv/python/cpython-3.13.13-linux-x86_64-gnu/lib/python3.13/asyncio/tasks.py", line 507, in wait_for
    return await fut
           ^^^^^^^^^
  File "/home/ubuntu/agentbeats-lambda-phase2-quietchaos/src/agentbeats/tool_provider.py", line 22, in talk_to_agent
    raise RuntimeError(f"{url} responded with: {outputs}")
RuntimeError: http://127.0.0.1:9021/ responded with: {'response': 'Error: Request timed out.', 'context_id': '6ea65bb0-05ff-4a9a-9117-df5f271fd2ff', 'status': 'failed'}

[2026-05-09 05:47:07.443] attacker crashed: http://127.0.0.1:9021/ responded with: {'response': 'Error: Request timed out.', 'context_id': 'ccf7296a-b603-4e18-8bef-59b0a8028e25', 'status': 'failed'}
Traceback (most recent call last):
  File "/home/ubuntu/agentbeats-lambda-phase2-quietchaos/scenarios/security_arena/orchestrator.py", line 107, in _call_agent_with_timeout
    response = await asyncio.wait_for(
               ^^^^^^^^^^^^^^^^^^^^^^^
    ...<4 lines>...
    )
    ^
  File "/home/ubuntu/.local/share/uv/python/cpython-3.13.13-linux-x86_64-gnu/lib/python3.13/asyncio/tasks.py", line 507, in wait_for
    return await fut
           ^^^^^^^^^
  File "/home/ubuntu/agentbeats-lambda-phase2-quietchaos/src/agentbeats/tool_provider.py", line 22, in talk_to_agent
    raise RuntimeError(f"{url} responded with: {outputs}")
RuntimeError: http://127.0.0.1:9021/ responded with: {'response': 'Error: Request timed out.', 'context_id': 'ccf7296a-b603-4e18-8bef-59b0a8028e25', 'status': 'failed'}

[2026-05-09 05:50:31.486] attacker crashed: http://127.0.0.1:9021/ responded with: {'response': 'Error: Request timed out.', 'context_id': '3be053a3-5960-4ee5-bfbc-00306bd71705', 'status': 'failed'}
Traceback (most recent call last):
  File "/home/ubuntu/agentbeats-lambda-phase2-quietchaos/scenarios/security_arena/orchestrator.py", line 107, in _call_agent_with_timeout
    response = await asyncio.wait_for(
               ^^^^^^^^^^^^^^^^^^^^^^^
    ...<4 lines>...
    )
    ^
  File "/home/ubuntu/.local/share/uv/python/cpython-3.13.13-linux-x86_64-gnu/lib/python3.13/asyncio/tasks.py", line 507, in wait_for
    return await fut
           ^^^^^^^^^
  File "/home/ubuntu/agentbeats-lambda-phase2-quietchaos/src/agentbeats/tool_provider.py", line 22, in talk_to_agent
    raise RuntimeError(f"{url} responded with: {outputs}")
RuntimeError: http://127.0.0.1:9021/ responded with: {'response': 'Error: Request timed out.', 'context_id': '3be053a3-5960-4ee5-bfbc-00306bd71705', 'status': 'failed'}

[2026-05-09 05:55:07.597] attacker crashed: http://127.0.0.1:9021/ responded with: {'response': 'Error: Request timed out.', 'context_id': 'b0039281-6bb1-4f4d-9ac2-153aef848352', 'status': 'failed'}
Traceback (most recent call last):
  File "/home/ubuntu/agentbeats-lambda-phase2-quietchaos/scenarios/security_arena/orchestrator.py", line 107, in _call_agent_with_timeout
    response = await asyncio.wait_for(
               ^^^^^^^^^^^^^^^^^^^^^^^
    ...<4 lines>...
    )
    ^
  File "/home/ubuntu/.local/share/uv/python/cpython-3.13.13-linux-x86_64-gnu/lib/python3.13/asyncio/tasks.py", line 507, in wait_for
    return await fut
           ^^^^^^^^^
  File "/home/ubuntu/agentbeats-lambda-phase2-quietchaos/src/agentbeats/tool_provider.py", line 22, in talk_to_agent
    raise RuntimeError(f"{url} responded with: {outputs}")
RuntimeError: http://127.0.0.1:9021/ responded with: {'response': 'Error: Request timed out.', 'context_id': 'b0039281-6bb1-4f4d-9ac2-153aef848352', 'status': 'failed'}


================================================================================
Total errors: 7
================================================================================