================================================================================
ERROR LOG
Generated: 2026-05-09T14:20:18.086899
Scenario: medical_records
Team: N/A
================================================================================

[2026-05-09 13:56:29.154] attacker crashed: http://127.0.0.1:9021/ responded with: {'response': 'Error: Request timed out.', 'context_id': '52548eb0-6f24-40af-9b3b-506f44c396e1', 'status': 'failed'}
Traceback (most recent call last):
  File "/home/ubuntu/agentbeats-lambda-phase2-quietchaos/scenarios/security_arena/orchestrator.py", line 107, in _call_agent_with_timeout
    response = await asyncio.wait_for(
               ^^^^^^^^^^^^^^^^^^^^^^^
    ...<4 lines>...
    )
    ^
  File "/home/ubuntu/.local/share/uv/python/cpython-3.13.13-linux-x86_64-gnu/lib/python3.13/asyncio/tasks.py", line 507, in wait_for
    return await fut
           ^^^^^^^^^
  File "/home/ubuntu/agentbeats-lambda-phase2-quietchaos/src/agentbeats/tool_provider.py", line 22, in talk_to_agent
    raise RuntimeError(f"{url} responded with: {outputs}")
RuntimeError: http://127.0.0.1:9021/ responded with: {'response': 'Error: Request timed out.', 'context_id': '52548eb0-6f24-40af-9b3b-506f44c396e1', 'status': 'failed'}

[2026-05-09 14:06:28.975] attacker crashed: http://127.0.0.1:9021/ responded with: {'response': 'Error: Request timed out.', 'context_id': 'b09aed4f-7d9b-4e7c-b00c-b9bfe5991723', 'status': 'failed'}
Traceback (most recent call last):
  File "/home/ubuntu/agentbeats-lambda-phase2-quietchaos/scenarios/security_arena/orchestrator.py", line 107, in _call_agent_with_timeout
    response = await asyncio.wait_for(
               ^^^^^^^^^^^^^^^^^^^^^^^
    ...<4 lines>...
    )
    ^
  File "/home/ubuntu/.local/share/uv/python/cpython-3.13.13-linux-x86_64-gnu/lib/python3.13/asyncio/tasks.py", line 507, in wait_for
    return await fut
           ^^^^^^^^^
  File "/home/ubuntu/agentbeats-lambda-phase2-quietchaos/src/agentbeats/tool_provider.py", line 22, in talk_to_agent
    raise RuntimeError(f"{url} responded with: {outputs}")
RuntimeError: http://127.0.0.1:9021/ responded with: {'response': 'Error: Request timed out.', 'context_id': 'b09aed4f-7d9b-4e7c-b00c-b9bfe5991723', 'status': 'failed'}

[2026-05-09 14:10:45.372] attacker crashed: http://127.0.0.1:9021/ responded with: {'response': 'Error: Request timed out.', 'context_id': 'b09aed4f-7d9b-4e7c-b00c-b9bfe5991723', 'status': 'failed'}
Traceback (most recent call last):
  File "/home/ubuntu/agentbeats-lambda-phase2-quietchaos/scenarios/security_arena/orchestrator.py", line 107, in _call_agent_with_timeout
    response = await asyncio.wait_for(
               ^^^^^^^^^^^^^^^^^^^^^^^
    ...<4 lines>...
    )
    ^
  File "/home/ubuntu/.local/share/uv/python/cpython-3.13.13-linux-x86_64-gnu/lib/python3.13/asyncio/tasks.py", line 507, in wait_for
    return await fut
           ^^^^^^^^^
  File "/home/ubuntu/agentbeats-lambda-phase2-quietchaos/src/agentbeats/tool_provider.py", line 22, in talk_to_agent
    raise RuntimeError(f"{url} responded with: {outputs}")
RuntimeError: http://127.0.0.1:9021/ responded with: {'response': 'Error: Request timed out.', 'context_id': 'b09aed4f-7d9b-4e7c-b00c-b9bfe5991723', 'status': 'failed'}

[2026-05-09 14:13:57.147] attacker crashed: http://127.0.0.1:9021/ responded with: {'response': 'Error: Request timed out.', 'context_id': 'b09aed4f-7d9b-4e7c-b00c-b9bfe5991723', 'status': 'failed'}
Traceback (most recent call last):
  File "/home/ubuntu/agentbeats-lambda-phase2-quietchaos/scenarios/security_arena/orchestrator.py", line 107, in _call_agent_with_timeout
    response = await asyncio.wait_for(
               ^^^^^^^^^^^^^^^^^^^^^^^
    ...<4 lines>...
    )
    ^
  File "/home/ubuntu/.local/share/uv/python/cpython-3.13.13-linux-x86_64-gnu/lib/python3.13/asyncio/tasks.py", line 507, in wait_for
    return await fut
           ^^^^^^^^^
  File "/home/ubuntu/agentbeats-lambda-phase2-quietchaos/src/agentbeats/tool_provider.py", line 22, in talk_to_agent
    raise RuntimeError(f"{url} responded with: {outputs}")
RuntimeError: http://127.0.0.1:9021/ responded with: {'response': 'Error: Request timed out.', 'context_id': 'b09aed4f-7d9b-4e7c-b00c-b9bfe5991723', 'status': 'failed'}

[2026-05-09 14:17:04.523] attacker crashed: http://127.0.0.1:9021/ responded with: {'response': 'Error: Request timed out.', 'context_id': 'b09aed4f-7d9b-4e7c-b00c-b9bfe5991723', 'status': 'failed'}
Traceback (most recent call last):
  File "/home/ubuntu/agentbeats-lambda-phase2-quietchaos/scenarios/security_arena/orchestrator.py", line 107, in _call_agent_with_timeout
    response = await asyncio.wait_for(
               ^^^^^^^^^^^^^^^^^^^^^^^
    ...<4 lines>...
    )
    ^
  File "/home/ubuntu/.local/share/uv/python/cpython-3.13.13-linux-x86_64-gnu/lib/python3.13/asyncio/tasks.py", line 507, in wait_for
    return await fut
           ^^^^^^^^^
  File "/home/ubuntu/agentbeats-lambda-phase2-quietchaos/src/agentbeats/tool_provider.py", line 22, in talk_to_agent
    raise RuntimeError(f"{url} responded with: {outputs}")
RuntimeError: http://127.0.0.1:9021/ responded with: {'response': 'Error: Request timed out.', 'context_id': 'b09aed4f-7d9b-4e7c-b00c-b9bfe5991723', 'status': 'failed'}

[2026-05-09 14:20:18.085] attacker crashed: http://127.0.0.1:9021/ responded with: {'response': 'Error: Request timed out.', 'context_id': 'b09aed4f-7d9b-4e7c-b00c-b9bfe5991723', 'status': 'failed'}
Traceback (most recent call last):
  File "/home/ubuntu/agentbeats-lambda-phase2-quietchaos/scenarios/security_arena/orchestrator.py", line 107, in _call_agent_with_timeout
    response = await asyncio.wait_for(
               ^^^^^^^^^^^^^^^^^^^^^^^
    ...<4 lines>...
    )
    ^
  File "/home/ubuntu/.local/share/uv/python/cpython-3.13.13-linux-x86_64-gnu/lib/python3.13/asyncio/tasks.py", line 507, in wait_for
    return await fut
           ^^^^^^^^^
  File "/home/ubuntu/agentbeats-lambda-phase2-quietchaos/src/agentbeats/tool_provider.py", line 22, in talk_to_agent
    raise RuntimeError(f"{url} responded with: {outputs}")
RuntimeError: http://127.0.0.1:9021/ responded with: {'response': 'Error: Request timed out.', 'context_id': 'b09aed4f-7d9b-4e7c-b00c-b9bfe5991723', 'status': 'failed'}


================================================================================
Total errors: 6
================================================================================